Labgrid Console Logfile for main
Logfile started at 2025-08-25 15:13:16.695245
=== Log starts here ===
[    0.000000] Booting Linux on physical CPU 0x0000000000 [0x411fd070]
[    0.000000] Linux version 6.6.100 (builder@buildhost) (aarch64-openwrt-linux-musl-gcc (OpenWrt GCC 13.3.0 r28808-6bf869db0f) 13.3.0, GNU ld (GNU Binutils) 2.42) #0 SMP Sun Aug 24 13:30:57 2025
[    0.000000] KASLR enabled
[    0.000000] random: crng init done
[    0.000000] Machine model: linux,dummy-virt
[    0.000000] efi: UEFI not found.
[    0.000000] NUMA: No NUMA configuration found
[    0.000000] NUMA: Faking a node at [mem 0x0000000040000000-0x0000000047ffffff]
[    0.000000] NUMA: NODE_DATA [mem 0x47fac380-0x47faefff]
[    0.000000] Zone ranges:
[    0.000000]   DMA      [mem 0x0000000040000000-0x0000000047ffffff]
[    0.000000]   DMA32    empty
[    0.000000]   Normal   empty
[    0.000000] Movable zone start for each node
[    0.000000] Early memory node ranges
[    0.000000]   node   0: [mem 0x0000000040000000-0x0000000047ffffff]
[    0.000000] Initmem setup node 0 [mem 0x0000000040000000-0x0000000047ffffff]
[    0.000000] cma: Reserved 32 MiB at 0x0000000045c00000 on node -1
[    0.000000] psci: probing for conduit method from DT.
[    0.000000] psci: PSCIv1.1 detected in firmware.
[    0.000000] psci: Using standard PSCI v0.2 function IDs
[    0.000000] psci: Trusted OS migration not required
[    0.000000] psci: SMC Calling Convention v1.0
[    0.000000] percpu: Embedded 20 pages/cpu s42728 r8192 d31000 u81920
[    0.000000] Detected PIPT I-cache on CPU0
[    0.000000] CPU features: detected: Spectre-v2
[    0.000000] CPU features: detected: Spectre-v3a
[    0.000000] CPU features: detected: Spectre-v4
[    0.000000] CPU features: detected: Spectre-BHB
[    0.000000] CPU features: kernel page table isolation forced ON by KASLR
[    0.000000] CPU features: detected: Kernel page table isolation (KPTI)
[    0.000000] CPU features: detected: ARM erratum 834220
[    0.000000] CPU features: detected: ARM erratum 832075
[    0.000000] CPU features: detected: ARM errata 1165522, 1319367, or 1530923
[    0.000000] alternatives: applying boot alternatives
[    0.000000] Kernel command line: 
[    0.000000] Dentry cache hash table entries: 16384 (order: 5, 131072 bytes, linear)
[    0.000000] Inode-cache hash table entries: 8192 (order: 4, 65536 bytes, linear)
[    0.000000] Fallback order for Node 0: 0 
[    0.000000] Built 1 zonelists, mobility grouping on.  Total pages: 32256
[    0.000000] Policy zone: DMA
[    0.000000] mem auto-init: stack:off, heap alloc:off, heap free:off
[    0.000000] software IO TLB: SWIOTLB bounce buffer size adjusted to 0MB
[    0.000000] software IO TLB: area num 1.
[    0.000000] software IO TLB: mapped [mem 0x0000000047f12000-0x0000000047f52000] (0MB)
[    0.000000] Memory: 55324K/131072K available (11648K kernel code, 1548K rwdata, 3036K rodata, 22080K init, 478K bss, 42980K reserved, 32768K cma-reserved)
[    0.000000] SLUB: HWalign=64, Order=0-3, MinObjects=0, CPUs=1, Nodes=1
[    0.000000] rcu: Hierarchical RCU implementation.
[    0.000000] rcu: 	RCU restricting CPUs from NR_CPUS=256 to nr_cpu_ids=1.
[    0.000000] 	Tracing variant of Tasks RCU enabled.
[    0.000000] rcu: RCU calculated value of scheduler-enlistment delay is 10 jiffies.
[    0.000000] rcu: Adjusting geometry for rcu_fanout_leaf=16, nr_cpu_ids=1
[    0.000000] NR_IRQS: 64, nr_irqs: 64, preallocated irqs: 0
[    0.000000] Root IRQ handler: 0xffffcb8740a100b4
[    0.000000] GICv2m: range[mem 0x08020000-0x08020fff], SPI[80:143]
[    0.000000] rcu: srcu_init: Setting srcu_struct sizes based on contention.
[    0.000000] arch_timer: cp15 timer(s) running at 62.50MHz (virt).
[    0.000000] clocksource: arch_sys_counter: mask: 0x1ffffffffffffff max_cycles: 0x1cd42e208c, max_idle_ns: 881590405314 ns
[    0.000090] sched_clock: 57 bits at 63MHz, resolution 16ns, wraps every 4398046511096ns
[    0.003403] Console: colour dummy device 80x25
[    0.003709] printk: console [tty0] enabled
[    0.007275] Calibrating delay loop (skipped), value calculated using timer frequency.. 125.00 BogoMIPS (lpj=625000)
[    0.007425] pid_max: default: 32768 minimum: 301
[    0.012665] Mount-cache hash table entries: 512 (order: 0, 4096 bytes, linear)
[    0.012744] Mountpoint-cache hash table entries: 512 (order: 0, 4096 bytes, linear)
[    0.036472] cacheinfo: Unable to detect cache hierarchy for CPU 0
[    0.043884] RCU Tasks Trace: Setting shift to 0 and lim to 1 rcu_task_cb_adjust=1 rcu_task_cpu_ids=1.
[    0.045236] rcu: Hierarchical SRCU implementation.
[    0.045288] rcu: 	Max phase no-delay instances is 1000.
[    0.047967] EFI services will not be available.
[    0.048730] smp: Bringing up secondary CPUs ...
[    0.049328] smp: Brought up 1 node, 1 CPU
[    0.049368] SMP: Total of 1 processors activated.
[    0.049433] CPU features: detected: 32-bit EL0 Support
[    0.049456] CPU features: detected: 32-bit EL1 Support
[    0.049511] CPU features: detected: CRC32 instructions
[    0.051013] CPU features: emulated: Privileged Access Never (PAN) using TTBR0_EL1 switching
[    0.051231] CPU: All CPU(s) started at EL1
[    0.051955] alternatives: applying system-wide alternatives
[    0.069995] clocksource: jiffies: mask: 0xffffffff max_cycles: 0xffffffff, max_idle_ns: 19112604462750000 ns
[    0.070171] futex hash table entries: 256 (order: 2, 16384 bytes, linear)
[    0.072618] pinctrl core: initialized pinctrl subsystem
[    0.081966] DMI not present or invalid.
[    0.089436] NET: Registered PF_NETLINK/PF_ROUTE protocol family
[    0.097667] DMA: preallocated 128 KiB GFP_KERNEL pool for atomic allocations
[    0.098122] DMA: preallocated 128 KiB GFP_KERNEL|GFP_DMA pool for atomic allocations
[    0.098325] DMA: preallocated 128 KiB GFP_KERNEL|GFP_DMA32 pool for atomic allocations
[    0.101891] thermal_sys: Registered thermal governor 'step_wise'
[    0.102267] cpuidle: using governor ladder
[    0.102455] cpuidle: using governor menu
[    0.103083] ASID allocator initialised with 32768 entries
[    0.104755] Serial: AMBA PL011 UART driver
[    0.127045] 9000000.pl011: ttyAMA0 at MMIO 0x9000000 (irq = 13, base_baud = 0) is a PL011 rev1
[    0.128193] printk: console [ttyAMA0] enabled
[    0.340476] Modules: 2G module region forced by RANDOMIZE_MODULE_REGION_FULL
[    0.340770] Modules: 0 pages in range for non-PLT usage
[    0.340791] Modules: 514528 pages in range for PLT usage
[    0.347873] cryptd: max_cpu_qlen set to 1000
[    0.351061] ACPI: Interpreter disabled.
[    0.353577] iommu: Default domain type: Passthrough
[    0.354821] SCSI subsystem initialized
[    0.357047] usbcore: registered new interface driver usbfs
[    0.358675] usbcore: registered new interface driver hub
[    0.359136] usbcore: registered new device driver usb
[    0.373650] clocksource: Switched to clocksource arch_sys_counter
[    0.375203] pnp: PnP ACPI: disabled
[    0.384858] NET: Registered PF_INET protocol family
[    0.385955] IP idents hash table entries: 2048 (order: 2, 16384 bytes, linear)
[    0.391348] tcp_listen_portaddr_hash hash table entries: 256 (order: 0, 4096 bytes, linear)
[    0.391875] Table-perturb hash table entries: 65536 (order: 6, 262144 bytes, linear)
[    0.395354] TCP established hash table entries: 1024 (order: 1, 8192 bytes, linear)
[    0.395962] TCP bind hash table entries: 1024 (order: 3, 32768 bytes, linear)
[    0.396386] TCP: Hash tables configured (established 1024 bind 1024)
[    0.398138] MPTCP token hash table entries: 256 (order: 0, 6144 bytes, linear)
[    0.406405] UDP hash table entries: 256 (order: 1, 8192 bytes, linear)
[    0.407012] UDP-Lite hash table entries: 256 (order: 1, 8192 bytes, linear)
[    0.408543] NET: Registered PF_UNIX/PF_LOCAL protocol family
[    0.409209] PCI: CLS 0 bytes, default 64
[    0.423099] kvm [1]: HYP mode not available
[    0.427001] workingset: timestamp_bits=42 max_order=15 bucket_order=0
[    0.428751] squashfs: version 4.0 (2009/01/31) Phillip Lougher
[    0.428960] jffs2: version 2.2 (NAND) (SUMMARY) (LZMA) (RTIME) (CMODE_PRIORITY) (c) 2001-2006 Red Hat, Inc.
[    0.443936] 9p: Installing v9fs 9p2000 file system support
[    0.446268] Block layer SCSI generic (bsg) driver version 0.4 loaded (major 250)
[    0.457444] atomic64_test: passed
[    0.468737] pl061_gpio 9030000.pl061: PL061 GPIO chip registered
[    0.470762] pci-host-generic 4010000000.pcie: host bridge /pcie@10000000 ranges:
[    0.471535] pci-host-generic 4010000000.pcie:       IO 0x003eff0000..0x003effffff -> 0x0000000000
[    0.472251] pci-host-generic 4010000000.pcie:      MEM 0x0010000000..0x003efeffff -> 0x0010000000
[    0.479510] pci-host-generic 4010000000.pcie:      MEM 0x8000000000..0xffffffffff -> 0x8000000000
[    0.480375] pci-host-generic 4010000000.pcie: Memory resource size exceeds max for 32 bits
[    0.481065] pci-host-generic 4010000000.pcie: ECAM at [mem 0x4010000000-0x401fffffff] for [bus 00-ff]
[    0.491296] pci-host-generic 4010000000.pcie: PCI host bridge to bus 0000:00
[    0.491784] pci_bus 0000:00: root bus resource [bus 00-ff]
[    0.492035] pci_bus 0000:00: root bus resource [io  0x0000-0xffff]
[    0.492254] pci_bus 0000:00: root bus resource [mem 0x10000000-0x3efeffff]
[    0.500858] pci_bus 0000:00: root bus resource [mem 0x8000000000-0xffffffffff]
[    0.502800] pci 0000:00:00.0: [1b36:0008] type 00 class 0x060000
[    0.506095] pci 0000:00:01.0: [1af4:1000] type 00 class 0x020000
[    0.506511] pci 0000:00:01.0: reg 0x10: [io  0x0000-0x001f]
[    0.511839] pci 0000:00:01.0: reg 0x20: [mem 0x00000000-0x00003fff 64bit pref]
[    0.512255] pci 0000:00:01.0: reg 0x30: [mem 0x00000000-0x0007ffff pref]
[    0.512786] pci 0000:00:02.0: [1af4:1005] type 00 class 0x00ff00
[    0.513121] pci 0000:00:02.0: reg 0x10: [io  0x0000-0x001f]
[    0.522566] pci 0000:00:02.0: reg 0x14: [mem 0x00000000-0x00000fff]
[    0.522788] pci 0000:00:02.0: reg 0x20: [mem 0x00000000-0x00003fff 64bit pref]
[    0.523583] pci 0000:00:03.0: [1af4:1000] type 00 class 0x020000
[    0.523816] pci 0000:00:03.0: reg 0x10: [io  0x0000-0x001f]
[    0.523998] pci 0000:00:03.0: reg 0x14: [mem 0x00000000-0x00000fff]
[    0.533932] pci 0000:00:03.0: reg 0x20: [mem 0x00000000-0x00003fff 64bit pref]
[    0.534260] pci 0000:00:03.0: reg 0x30: [mem 0x00000000-0x0007ffff pref]
[    0.536414] pci 0000:00:01.0: BAR 6: assigned [mem 0x10000000-0x1007ffff pref]
[    0.536814] pci 0000:00:03.0: BAR 6: assigned [mem 0x10080000-0x100fffff pref]
[    0.545025] pci 0000:00:01.0: BAR 4: assigned [mem 0x8000000000-0x8000003fff 64bit pref]
[    0.545491] pci 0000:00:02.0: BAR 4: assigned [mem 0x8000004000-0x8000007fff 64bit pref]
[    0.545810] pci 0000:00:03.0: BAR 4: assigned [mem 0x8000008000-0x800000bfff 64bit pref]
[    0.555773] pci 0000:00:02.0: BAR 1: assigned [mem 0x10100000-0x10100fff]
[    0.556048] pci 0000:00:03.0: BAR 1: assigned [mem 0x10101000-0x10101fff]
[    0.556350] pci 0000:00:01.0: BAR 0: assigned [io  0x1000-0x101f]
[    0.556578] pci 0000:00:02.0: BAR 0: assigned [io  0x1020-0x103f]
[    0.556796] pci 0000:00:03.0: BAR 0: assigned [io  0x1040-0x105f]
[    0.626972] EINJ: ACPI disabled.
[    0.658738] virtio-pci 0000:00:01.0: enabling device (0000 -> 0003)
[    0.662070] virtio-pci 0000:00:02.0: enabling device (0000 -> 0003)
[    0.663651] virtio-pci 0000:00:03.0: enabling device (0000 -> 0003)
[    0.666271] Serial: 8250/16550 driver, 16 ports, IRQ sharing enabled
[    0.674380] SuperH (H)SCI(F) driver initialized
[    0.727388] loop: module loaded
[    0.744401] usbcore: registered new interface driver usb-storage
[    0.748436] rtc-pl031 9010000.pl031: registered as rtc0
[    0.749082] rtc-pl031 9010000.pl031: setting system clock to 2025-08-25T15:13:17 UTC (1756134797)
[    0.752979] sdhci: Secure Digital Host Controller Interface driver
[    0.754773] sdhci: Copyright(c) Pierre Ossman
[    0.755550] Synopsys Designware Multimedia Card Interface Driver
[    0.756327] sdhci-pltfm: SDHCI platform and OF driver helper
[    0.758575] hid: raw HID events driver (C) Jiri Kosina
[    0.759102] usbcore: registered new interface driver usbhid
[    0.759292] usbhid: USB HID core driver
[    0.769094] NET: Registered PF_INET6 protocol family
[    0.816087] Segment Routing with IPv6
[    0.816405] In-situ OAM (IOAM) with IPv6
[    0.817345] NET: Registered PF_PACKET protocol family
[    0.818130] bridge: filtering via arp/ip/ip6tables is no longer available by default. Update your scripts to load br_netfilter if you need this.
[    0.980436] 8021q: 802.1Q VLAN Support v1.8
[    0.981438] 9pnet: Installing 9P2000 support
[    1.120146] clk: Disabling unused clocks
[    1.126116] uart-pl011 9000000.pl011: no DMA platform data
[    1.164084] Freeing unused kernel memory: 22080K
[    1.166317] Run /init as init process
[    4.478450] init: Console is alive
[    4.587428] kmodloader: loading kernel modules from /etc/modules-boot.d/*
[    4.616156] pps_core: LinuxPPS API ver. 1 registered
[    4.616417] pps_core: Software ver. 5.3.6 - Copyright 2005-2007 Rodolfo Giometti <giometti@linux.it>
[    4.676213] PTP clock support registered
[    4.693053] kmodloader: done loading kernel modules from /etc/modules-boot.d/*
[    4.706026] init: - preinit -
[    6.535123] 8021q: adding VLAN 0 to HW filter on device eth0
Press the [f] key and hit [enter] to enter failsafe mode
Press the [1], [2], [3] or [4] key and hit [enter] to select the debug level
[   11.571397] procd: - early -
[   12.759764] procd: - ubus -
[   12.968673] procd: - init -
Please press Enter to activate this console.
root
login[1095]: root login on 'ttyAMA0'


BusyBox v1.36.1 (2025-08-24 13:30:57 UTC) built-in shell (ash)

  _______                     ________        __
 |       |.-----.-----.-----.|  |  |  |.----.|  |_
 |   -   ||  _  |  -__|     ||  |  |  ||   _||   _|
 |_______||   __|_____|__|__||________||__|  |____|
          |__| W I R E L E S S   F R E E D O M
 -----------------------------------------------------
 OpenWrt 24.10-SNAPSHOT, r28808-6bf869db0f
 -----------------------------------------------------
=== WARNING! =====================================
There is no root password defined on this device!
Use the "passwd" command to set up a new password
in order to prevent unauthorized SSH logins.
--------------------------------------------------
root@(none):~# dmesg -n 1
root@(none):~# echo 'YBLX''NOZYAF'
YBLXNOZYAF
root@(none):~# run() { echo -n "$MARKER"; sh -c "$@"; echo "$MARKER $?"; }
root@(none):~# echo 'JBTM''JVTFXP'
JBTMJVTFXP
root@(none):~# MARKER='WOWA''YXQZZG' run true
WOWAYXQZZGWOWAYXQZZG 0
root@(none):~# echo 'CXCY''TEGPNF'
CXCYTEGPNF
root@(none):~# MARKER='OPAN''VVBHAE' run 'source /etc/os-release; echo $BUILD_ID
'
OPANVVBHAEr28808-6bf869db0f
OPANVVBHAE 0
root@(none):~# echo 'KCCV''AXMCGH'
KCCVAXMCGH
root@(none):~# MARKER='GQQF''SYPBQA' run 'ls /etc/dropbear/dropbear_rsa_host_key
'
GQQFSYPBQAls: /etc/dropbear/dropbear_rsa_host_key: No such file or directory
GQQFSYPBQA 1
root@(none):~# echo 'GGBP''HAKJJN'
GGBPHAKJJN
root@(none):~# MARKER='YVFA''YJAABP' run 'ls /etc/dropbear/dropbear_rsa_host_key
'
YVFAYJAABPls: /etc/dropbear/dropbear_rsa_host_key: No such file or directory
YVFAYJAABP 1
root@(none):~# echo 'KGQP''VCNMOM'
KGQPVCNMOM
root@(none):~# MARKER='SGXS''HYQFJC' run 'ls /etc/dropbear/dropbear_rsa_host_key
'
SGXSHYQFJCls: /etc/dropbear/dropbear_rsa_host_key: No such file or directory
SGXSHYQFJC 1
root@(none):~# echo 'PLSW''YXBPMG'
PLSWYXBPMG
root@(none):~# MARKER='ZVCH''KNKVPT' run 'ls /etc/dropbear/dropbear_rsa_host_key
'
ZVCHKNKVPTls: /etc/dropbear/dropbear_rsa_host_key: No such file or directory
ZVCHKNKVPT 1
root@(none):~# echo 'AETA''WOYJKJ'
AETAWOYJKJ
root@(none):~# MARKER='HBQU''VTTWKK' run 'ls /etc/dropbear/dropbear_rsa_host_key
'
HBQUVTTWKKls: /etc/dropbear/dropbear_rsa_host_key: No such file or directory
HBQUVTTWKK 1
root@(none):~# echo 'TTOL''PYNMSY'
TTOLPYNMSY
root@(none):~# MARKER='CBXJ''GTLAQW' run 'ls /etc/dropbear/dropbear_rsa_host_key
'
CBXJGTLAQWls: /etc/dropbear/dropbear_rsa_host_key: No such file or directory
CBXJGTLAQW 1
root@(none):~# echo 'MHCS''CTKLKU'
MHCSCTKLKU
root@(none):~# MARKER='JBYL''HCKFSK' run 'ls /etc/dropbear/dropbear_rsa_host_key
'
JBYLHCKFSKls: /etc/dropbear/dropbear_rsa_host_key: No such file or directory
JBYLHCKFSK 1
root@(none):~# echo 'LYXP''GZBMOZ'
LYXPGZBMOZ
root@(none):~# MARKER='MHYO''XNWWUE' run 'ls /etc/dropbear/dropbear_rsa_host_key
'
MHYOXNWWUEls: /etc/dropbear/dropbear_rsa_host_key: No such file or directory
MHYOXNWWUE 1
root@(none):~# echo 'VHWL''MYEVQO'
VHWLMYEVQO
root@(none):~# MARKER='TSZX''ZMHGCU' run 'ls /etc/dropbear/dropbear_rsa_host_key
'
TSZXZMHGCUls: /etc/dropbear/dropbear_rsa_host_key: No such file or directory
TSZXZMHGCU 1
root@(none):~# echo 'LKLC''NYOYPC'
LKLCNYOYPC
root@(none):~# MARKER='JTXF''WUKBYN' run 'ls /etc/dropbear/dropbear_rsa_host_key
'
JTXFWUKBYNls: /etc/dropbear/dropbear_rsa_host_key: No such file or directory
JTXFWUKBYN 1
root@(none):~# echo 'KGAW''LPOWMF'
KGAWLPOWMF
root@(none):~# MARKER='AEAY''LKWLKZ' run 'ls /etc/dropbear/dropbear_rsa_host_key
'
AEAYLKWLKZls: /etc/dropbear/dropbear_rsa_host_key: No such file or directory
AEAYLKWLKZ 1
root@(none):~# echo 'GUYC''AOAXZF'
GUYCAOAXZF
root@OpenWrt:~# MARKER='JGZL''VMOKZN' run 'ls /etc/dropbear/dropbear_rsa_host_ke
y'
JGZLVMOKZNls: /etc/dropbear/dropbear_rsa_host_key: No such file or directory
JGZLVMOKZN 1
root@OpenWrt:~# echo 'TOMA''OMVZTZ'
TOMAOMVZTZ
root@OpenWrt:~# MARKER='UVGV''MWHMMW' run 'ls /etc/dropbear/dropbear_rsa_host_ke
y'
UVGVMWHMMWls: /etc/dropbear/dropbear_rsa_host_key: No such file or directory
UVGVMWHMMW 1
root@OpenWrt:~# echo 'ANCH''HNOZHC'
ANCHHNOZHC
root@OpenWrt:~# MARKER='UUEF''WGENCQ' run 'ls /etc/dropbear/dropbear_rsa_host_ke
y'
UUEFWGENCQls: /etc/dropbear/dropbear_rsa_host_key: No such file or directory
UUEFWGENCQ 1
root@OpenWrt:~# echo 'EANQ''ZLTNSO'
EANQZLTNSO
root@OpenWrt:~# MARKER='XEKV''APEUXE' run 'ls /etc/dropbear/dropbear_rsa_host_ke
y'
XEKVAPEUXEls: /etc/dropbear/dropbear_rsa_host_key: No such file or directory
XEKVAPEUXE 1
root@OpenWrt:~# echo 'CEVY''EVZVQB'
CEVYEVZVQB
root@OpenWrt:~# MARKER='FOEA''MBMPSZ' run 'ls /etc/dropbear/dropbear_rsa_host_ke
y'
FOEAMBMPSZls: /etc/dropbear/dropbear_rsa_host_key: No such file or directory
FOEAMBMPSZ 1
root@OpenWrt:~# echo 'AWHJ''TQBOCO'
AWHJTQBOCO
root@OpenWrt:~# MARKER='VWUE''HSYLWX' run 'ls /etc/dropbear/dropbear_rsa_host_ke
y'
VWUEHSYLWXls: /etc/dropbear/dropbear_rsa_host_key: No such file or directory
VWUEHSYLWX 1
root@OpenWrt:~# echo 'TQOT''SEJGJW'
TQOTSEJGJW
root@OpenWrt:~# MARKER='WYQO''YUTKLK' run 'ls /etc/dropbear/dropbear_rsa_host_ke
y'
WYQOYUTKLKls: /etc/dropbear/dropbear_rsa_host_key: No such file or directory
WYQOYUTKLK 1
root@OpenWrt:~# echo 'KNHM''CNTHAB'
KNHMCNTHAB
root@OpenWrt:~# MARKER='EWGL''HKPQBM' run 'ls /etc/dropbear/dropbear_rsa_host_ke
y'
EWGLHKPQBMls: /etc/dropbear/dropbear_rsa_host_key: No such file or directory
EWGLHKPQBM 1
root@OpenWrt:~# echo 'FSOC''HWSBJW'
FSOCHWSBJW
root@OpenWrt:~# MARKER='TOVK''HUQWGO' run 'ls /etc/dropbear/dropbear_rsa_host_ke
y'
TOVKHUQWGOls: /etc/dropbear/dropbear_rsa_host_key: No such file or directory
TOVKHUQWGO 1
root@OpenWrt:~# echo 'FVOA''HBAHSS'
FVOAHBAHSS
root@OpenWrt:~# MARKER='WFHO''GOKEUM' run 'ls /etc/dropbear/dropbear_rsa_host_ke
y'
WFHOGOKEUMls: /etc/dropbear/dropbear_rsa_host_key: No such file or directory
WFHOGOKEUM 1
root@OpenWrt:~# echo 'UUAJ''FWJNZC'
UUAJFWJNZC
root@OpenWrt:~# MARKER='BTZG''QOZUGK' run 'ls /etc/dropbear/dropbear_rsa_host_ke
y'
BTZGQOZUGK[0;0m/etc/dropbear/dropbear_rsa_host_key[m
BTZGQOZUGK 0
root@OpenWrt:~# echo 'BCJE''HGCJEV'
BCJEHGCJEV
root@OpenWrt:~# MARKER='EOYH''QTJNLJ' run 'netstat -tlpn | grep 0.0.0.0:22'
EOYHQTJNLJnetstat: showing only processes with your user ID
EOYHQTJNLJ 1
root@OpenWrt:~# echo 'LKZX''KZLAKS'
LKZXKZLAKS
root@OpenWrt:~# MARKER='WNMW''GYQGWK' run 'ls /etc/dropbear/dropbear_rsa_host_ke
y'
WNMWGYQGWK[0;0m/etc/dropbear/dropbear_rsa_host_key[m
WNMWGYQGWK 0
root@OpenWrt:~# echo 'JHFT''PKWHNA'
JHFTPKWHNA
root@OpenWrt:~# MARKER='PVQA''FLFSCP' run 'netstat -tlpn | grep 0.0.0.0:22'
PVQAFLFSCPtcp        0      0 0.0.0.0:22              0.0.0.0:*               LISTEN      2015/dropbear
PVQAFLFSCP 0
root@OpenWrt:~# echo 'YUON''CJTPGK'
YUONCJTPGK
root@OpenWrt:~# MARKER='CEUF''BBEXMW' run 'ubus call network.interface.lan statu
s '"'"'{}'"'"''
CEUFBBEXMW{
	"up": true,
	"pending": false,
	"available": true,
	"autostart": true,
	"dynamic": false,
	"uptime": 11,
	"l3_device": "br-lan",
	"proto": "static",
	"device": "br-lan",
	"updated": [
		"addresses"
	],
	"metric": 0,
	"dns_metric": 0,
	"delegation": true,
	"ipv4-address": [
		{
			"address": "192.168.1.1",
			"mask": 24
		}
	],
	"ipv6-address": [
		
	],
	"ipv6-prefix": [
		
	],
	"ipv6-prefix-assignment": [
		{
			"address": "fd78:36f8:7d4e::",
			"mask": 60,
			"local-address": {
				"address": "fd78:36f8:7d4e::1",
				"mask": 60
			}
		}
	],
	"route": [
		
	],
	"dns-server": [
		
	],
	"dns-search": [
		
	],
	"neighbors": [
		
	],
	"inactive": {
		"ipv4-address": [
			
		],
		"ipv6-address": [
			
		],
		"route": [
			
		],
		"dns-server": [
			
		],
		"dns-search": [
			
		],
		"neighbors": [
			
		]
	},
	"data": {
		
	}
}
CEUFBBEXMW 0
root@OpenWrt:~# echo 'TGOQ''YPJMHB'
TGOQYPJMHB
root@OpenWrt:~# MARKER='FWMK''WBGWSH' run 'ip -o addr show dev br-lan'
FWMKWBGWSH4: br-lan    inet 192.168.1.1/24 brd 192.168.1.255 scope global br-lan\       valid_lft forever preferred_lft forever
4: br-lan    inet6 fd78:36f8:7d4e::1/60 scope global noprefixroute \       valid_lft forever preferred_lft forever
4: br-lan    inet6 fe80::5054:ff:fe12:3456/64 scope link \       valid_lft forever preferred_lft forever
FWMKWBGWSH 0
root@OpenWrt:~# echo 'XJVZ''QVYNLQ'
XJVZQVYNLQ
root@OpenWrt:~# MARKER='WJLN''THBCZU' run 'ubus call network.interface.wan statu
s '"'"'{}'"'"''
WJLNTHBCZU{
	"up": true,
	"pending": false,
	"available": true,
	"autostart": true,
	"dynamic": false,
	"uptime": 13,
	"l3_device": "eth1",
	"proto": "dhcp",
	"device": "eth1",
	"updated": [
		"addresses",
		"routes",
		"data"
	],
	"metric": 0,
	"dns_metric": 0,
	"delegation": true,
	"ipv4-address": [
		{
			"address": "10.0.2.15",
			"mask": 24
		}
	],
	"ipv6-address": [
		
	],
	"ipv6-prefix": [
		
	],
	"ipv6-prefix-assignment": [
		
	],
	"route": [
		{
			"target": "0.0.0.0",
			"mask": 0,
			"nexthop": "10.0.2.2",
			"source": "10.0.2.15/32"
		}
	],
	"dns-server": [
		"10.0.2.3"
	],
	"dns-search": [
		
	],
	"neighbors": [
		
	],
	"inactive": {
		"ipv4-address": [
			
		],
		"ipv6-address": [
			
		],
		"route": [
			
		],
		"dns-server": [
			
		],
		"dns-search": [
			
		],
		"neighbors": [
			
		]
	},
	"data": {
		"dhcpserver": "10.0.2.2",
		"leasetime": 86400
	}
}
WJLNTHBCZU 0
root@OpenWrt:~# 